>>> from 5_text_indentation import text_indentation

>>> text_indentation("Hello. How are you? I am fine:")
Hello.
<BLANKLINE>
How are you?
<BLANKLINE>
I am fine:
<BLANKLINE>

>>> text_indentation("No punctuation")
No punctuation

>>> text_indentation("")
<BLANKLINE>

>>> text_indentation(123)
Traceback (most recent call last):
TypeError: text must be a string
